// Jest Snapshot v1, https://goo.gl/fbAQLP

exports[`SupplierSearchResults when searchResults exists renders the names correctly 1`] = `
ShallowWrapper {
  "length": 1,
  Symbol(enzyme.__root__): [Circular],
  Symbol(enzyme.__unrendered__): <SupplierSearchResults
    searchResults={
      Object {
        "suppliers": Array [
          Object {
            "id": 1,
            "name": "Test Supplier",
          },
          Object {
            "id": 2,
            "name": "Another Supplier",
          },
        ],
      }
    }
  />,
  Symbol(enzyme.__renderer__): Object {
    "batchedUpdates": [Function],
    "getNode": [Function],
    "render": [Function],
    "simulateEvent": [Function],
    "unmount": [Function],
  },
  Symbol(enzyme.__node__): Object {
    "instance": null,
    "key": undefined,
    "nodeType": "host",
    "props": Object {
      "children": <article
        role="main"
      >
        <div
          className="headingRow"
        >
          <div
            className="row"
          >
            <div
              className="col-md-4 col-sm-4"
            >
              Name
            </div>
            <div
              className="col-md-4 col-sm-4"
            >
              Update ceiling prices
            </div>
            <div
              className="col-md-4 col-sm-4"
            >
              Edit regions/service
            </div>
          </div>
        </div>
        <div
          className="supplierRow"
        >
          <div
            className="row supplier"
          >
            <div
              className="col-md-4 col-sm-4 supplier-name"
            >
              Test Supplier
            </div>
            <div
              className="col-md-4 col-sm-4 link"
            >
              Update prices
            </div>
            <div
              className="col-md-4 col-sm-4 link"
            >
              Edit services and regions
            </div>
          </div>
        </div>
        <div
          className="supplierRow"
        >
          <div
            className="row supplier"
          >
            <div
              className="col-md-4 col-sm-4 supplier-name"
            >
              Another Supplier
            </div>
            <div
              className="col-md-4 col-sm-4 link"
            >
              Update prices
            </div>
            <div
              className="col-md-4 col-sm-4 link"
            >
              Edit services and regions
            </div>
          </div>
        </div>
      </article>,
      "className": "container",
    },
    "ref": null,
    "rendered": Object {
      "instance": null,
      "key": undefined,
      "nodeType": "host",
      "props": Object {
        "children": Array [
          <div
            className="headingRow"
          >
            <div
              className="row"
            >
              <div
                className="col-md-4 col-sm-4"
              >
                Name
              </div>
              <div
                className="col-md-4 col-sm-4"
              >
                Update ceiling prices
              </div>
              <div
                className="col-md-4 col-sm-4"
              >
                Edit regions/service
              </div>
            </div>
          </div>,
          Array [
            <div
              className="supplierRow"
            >
              <div
                className="row supplier"
              >
                <div
                  className="col-md-4 col-sm-4 supplier-name"
                >
                  Test Supplier
                </div>
                <div
                  className="col-md-4 col-sm-4 link"
                >
                  Update prices
                </div>
                <div
                  className="col-md-4 col-sm-4 link"
                >
                  Edit services and regions
                </div>
              </div>
            </div>,
            <div
              className="supplierRow"
            >
              <div
                className="row supplier"
              >
                <div
                  className="col-md-4 col-sm-4 supplier-name"
                >
                  Another Supplier
                </div>
                <div
                  className="col-md-4 col-sm-4 link"
                >
                  Update prices
                </div>
                <div
                  className="col-md-4 col-sm-4 link"
                >
                  Edit services and regions
                </div>
              </div>
            </div>,
          ],
        ],
        "role": "main",
      },
      "ref": null,
      "rendered": Array [
        Object {
          "instance": null,
          "key": undefined,
          "nodeType": "host",
          "props": Object {
            "children": <div
              className="row"
            >
              <div
                className="col-md-4 col-sm-4"
              >
                Name
              </div>
              <div
                className="col-md-4 col-sm-4"
              >
                Update ceiling prices
              </div>
              <div
                className="col-md-4 col-sm-4"
              >
                Edit regions/service
              </div>
            </div>,
            "className": "headingRow",
          },
          "ref": null,
          "rendered": Object {
            "instance": null,
            "key": undefined,
            "nodeType": "host",
            "props": Object {
              "children": Array [
                <div
                  className="col-md-4 col-sm-4"
                >
                  Name
                </div>,
                <div
                  className="col-md-4 col-sm-4"
                >
                  Update ceiling prices
                </div>,
                <div
                  className="col-md-4 col-sm-4"
                >
                  Edit regions/service
                </div>,
              ],
              "className": "row",
            },
            "ref": null,
            "rendered": Array [
              Object {
                "instance": null,
                "key": undefined,
                "nodeType": "host",
                "props": Object {
                  "children": "Name",
                  "className": "col-md-4 col-sm-4",
                },
                "ref": null,
                "rendered": "Name",
                "type": "div",
              },
              Object {
                "instance": null,
                "key": undefined,
                "nodeType": "host",
                "props": Object {
                  "children": "Update ceiling prices",
                  "className": "col-md-4 col-sm-4",
                },
                "ref": null,
                "rendered": "Update ceiling prices",
                "type": "div",
              },
              Object {
                "instance": null,
                "key": undefined,
                "nodeType": "host",
                "props": Object {
                  "children": "Edit regions/service",
                  "className": "col-md-4 col-sm-4",
                },
                "ref": null,
                "rendered": "Edit regions/service",
                "type": "div",
              },
            ],
            "type": "div",
          },
          "type": "div",
        },
        Object {
          "instance": null,
          "key": "0",
          "nodeType": "host",
          "props": Object {
            "children": <div
              className="row supplier"
            >
              <div
                className="col-md-4 col-sm-4 supplier-name"
              >
                Test Supplier
              </div>
              <div
                className="col-md-4 col-sm-4 link"
              >
                Update prices
              </div>
              <div
                className="col-md-4 col-sm-4 link"
              >
                Edit services and regions
              </div>
            </div>,
            "className": "supplierRow",
          },
          "ref": null,
          "rendered": Object {
            "instance": null,
            "key": undefined,
            "nodeType": "host",
            "props": Object {
              "children": Array [
                <div
                  className="col-md-4 col-sm-4 supplier-name"
                >
                  Test Supplier
                </div>,
                <div
                  className="col-md-4 col-sm-4 link"
                >
                  Update prices
                </div>,
                <div
                  className="col-md-4 col-sm-4 link"
                >
                  Edit services and regions
                </div>,
              ],
              "className": "row supplier",
            },
            "ref": null,
            "rendered": Array [
              Object {
                "instance": null,
                "key": undefined,
                "nodeType": "host",
                "props": Object {
                  "children": "Test Supplier",
                  "className": "col-md-4 col-sm-4 supplier-name",
                },
                "ref": null,
                "rendered": "Test Supplier",
                "type": "div",
              },
              Object {
                "instance": null,
                "key": undefined,
                "nodeType": "host",
                "props": Object {
                  "children": "Update prices",
                  "className": "col-md-4 col-sm-4 link",
                },
                "ref": null,
                "rendered": "Update prices",
                "type": "div",
              },
              Object {
                "instance": null,
                "key": undefined,
                "nodeType": "host",
                "props": Object {
                  "children": "Edit services and regions",
                  "className": "col-md-4 col-sm-4 link",
                },
                "ref": null,
                "rendered": "Edit services and regions",
                "type": "div",
              },
            ],
            "type": "div",
          },
          "type": "div",
        },
        Object {
          "instance": null,
          "key": "1",
          "nodeType": "host",
          "props": Object {
            "children": <div
              className="row supplier"
            >
              <div
                className="col-md-4 col-sm-4 supplier-name"
              >
                Another Supplier
              </div>
              <div
                className="col-md-4 col-sm-4 link"
              >
                Update prices
              </div>
              <div
                className="col-md-4 col-sm-4 link"
              >
                Edit services and regions
              </div>
            </div>,
            "className": "supplierRow",
          },
          "ref": null,
          "rendered": Object {
            "instance": null,
            "key": undefined,
            "nodeType": "host",
            "props": Object {
              "children": Array [
                <div
                  className="col-md-4 col-sm-4 supplier-name"
                >
                  Another Supplier
                </div>,
                <div
                  className="col-md-4 col-sm-4 link"
                >
                  Update prices
                </div>,
                <div
                  className="col-md-4 col-sm-4 link"
                >
                  Edit services and regions
                </div>,
              ],
              "className": "row supplier",
            },
            "ref": null,
            "rendered": Array [
              Object {
                "instance": null,
                "key": undefined,
                "nodeType": "host",
                "props": Object {
                  "children": "Another Supplier",
                  "className": "col-md-4 col-sm-4 supplier-name",
                },
                "ref": null,
                "rendered": "Another Supplier",
                "type": "div",
              },
              Object {
                "instance": null,
                "key": undefined,
                "nodeType": "host",
                "props": Object {
                  "children": "Update prices",
                  "className": "col-md-4 col-sm-4 link",
                },
                "ref": null,
                "rendered": "Update prices",
                "type": "div",
              },
              Object {
                "instance": null,
                "key": undefined,
                "nodeType": "host",
                "props": Object {
                  "children": "Edit services and regions",
                  "className": "col-md-4 col-sm-4 link",
                },
                "ref": null,
                "rendered": "Edit services and regions",
                "type": "div",
              },
            ],
            "type": "div",
          },
          "type": "div",
        },
      ],
      "type": "article",
    },
    "type": "div",
  },
  Symbol(enzyme.__nodes__): Array [
    Object {
      "instance": null,
      "key": undefined,
      "nodeType": "host",
      "props": Object {
        "children": <article
          role="main"
        >
          <div
            className="headingRow"
          >
            <div
              className="row"
            >
              <div
                className="col-md-4 col-sm-4"
              >
                Name
              </div>
              <div
                className="col-md-4 col-sm-4"
              >
                Update ceiling prices
              </div>
              <div
                className="col-md-4 col-sm-4"
              >
                Edit regions/service
              </div>
            </div>
          </div>
          <div
            className="supplierRow"
          >
            <div
              className="row supplier"
            >
              <div
                className="col-md-4 col-sm-4 supplier-name"
              >
                Test Supplier
              </div>
              <div
                className="col-md-4 col-sm-4 link"
              >
                Update prices
              </div>
              <div
                className="col-md-4 col-sm-4 link"
              >
                Edit services and regions
              </div>
            </div>
          </div>
          <div
            className="supplierRow"
          >
            <div
              className="row supplier"
            >
              <div
                className="col-md-4 col-sm-4 supplier-name"
              >
                Another Supplier
              </div>
              <div
                className="col-md-4 col-sm-4 link"
              >
                Update prices
              </div>
              <div
                className="col-md-4 col-sm-4 link"
              >
                Edit services and regions
              </div>
            </div>
          </div>
        </article>,
        "className": "container",
      },
      "ref": null,
      "rendered": Object {
        "instance": null,
        "key": undefined,
        "nodeType": "host",
        "props": Object {
          "children": Array [
            <div
              className="headingRow"
            >
              <div
                className="row"
              >
                <div
                  className="col-md-4 col-sm-4"
                >
                  Name
                </div>
                <div
                  className="col-md-4 col-sm-4"
                >
                  Update ceiling prices
                </div>
                <div
                  className="col-md-4 col-sm-4"
                >
                  Edit regions/service
                </div>
              </div>
            </div>,
            Array [
              <div
                className="supplierRow"
              >
                <div
                  className="row supplier"
                >
                  <div
                    className="col-md-4 col-sm-4 supplier-name"
                  >
                    Test Supplier
                  </div>
                  <div
                    className="col-md-4 col-sm-4 link"
                  >
                    Update prices
                  </div>
                  <div
                    className="col-md-4 col-sm-4 link"
                  >
                    Edit services and regions
                  </div>
                </div>
              </div>,
              <div
                className="supplierRow"
              >
                <div
                  className="row supplier"
                >
                  <div
                    className="col-md-4 col-sm-4 supplier-name"
                  >
                    Another Supplier
                  </div>
                  <div
                    className="col-md-4 col-sm-4 link"
                  >
                    Update prices
                  </div>
                  <div
                    className="col-md-4 col-sm-4 link"
                  >
                    Edit services and regions
                  </div>
                </div>
              </div>,
            ],
          ],
          "role": "main",
        },
        "ref": null,
        "rendered": Array [
          Object {
            "instance": null,
            "key": undefined,
            "nodeType": "host",
            "props": Object {
              "children": <div
                className="row"
              >
                <div
                  className="col-md-4 col-sm-4"
                >
                  Name
                </div>
                <div
                  className="col-md-4 col-sm-4"
                >
                  Update ceiling prices
                </div>
                <div
                  className="col-md-4 col-sm-4"
                >
                  Edit regions/service
                </div>
              </div>,
              "className": "headingRow",
            },
            "ref": null,
            "rendered": Object {
              "instance": null,
              "key": undefined,
              "nodeType": "host",
              "props": Object {
                "children": Array [
                  <div
                    className="col-md-4 col-sm-4"
                  >
                    Name
                  </div>,
                  <div
                    className="col-md-4 col-sm-4"
                  >
                    Update ceiling prices
                  </div>,
                  <div
                    className="col-md-4 col-sm-4"
                  >
                    Edit regions/service
                  </div>,
                ],
                "className": "row",
              },
              "ref": null,
              "rendered": Array [
                Object {
                  "instance": null,
                  "key": undefined,
                  "nodeType": "host",
                  "props": Object {
                    "children": "Name",
                    "className": "col-md-4 col-sm-4",
                  },
                  "ref": null,
                  "rendered": "Name",
                  "type": "div",
                },
                Object {
                  "instance": null,
                  "key": undefined,
                  "nodeType": "host",
                  "props": Object {
                    "children": "Update ceiling prices",
                    "className": "col-md-4 col-sm-4",
                  },
                  "ref": null,
                  "rendered": "Update ceiling prices",
                  "type": "div",
                },
                Object {
                  "instance": null,
                  "key": undefined,
                  "nodeType": "host",
                  "props": Object {
                    "children": "Edit regions/service",
                    "className": "col-md-4 col-sm-4",
                  },
                  "ref": null,
                  "rendered": "Edit regions/service",
                  "type": "div",
                },
              ],
              "type": "div",
            },
            "type": "div",
          },
          Object {
            "instance": null,
            "key": "0",
            "nodeType": "host",
            "props": Object {
              "children": <div
                className="row supplier"
              >
                <div
                  className="col-md-4 col-sm-4 supplier-name"
                >
                  Test Supplier
                </div>
                <div
                  className="col-md-4 col-sm-4 link"
                >
                  Update prices
                </div>
                <div
                  className="col-md-4 col-sm-4 link"
                >
                  Edit services and regions
                </div>
              </div>,
              "className": "supplierRow",
            },
            "ref": null,
            "rendered": Object {
              "instance": null,
              "key": undefined,
              "nodeType": "host",
              "props": Object {
                "children": Array [
                  <div
                    className="col-md-4 col-sm-4 supplier-name"
                  >
                    Test Supplier
                  </div>,
                  <div
                    className="col-md-4 col-sm-4 link"
                  >
                    Update prices
                  </div>,
                  <div
                    className="col-md-4 col-sm-4 link"
                  >
                    Edit services and regions
                  </div>,
                ],
                "className": "row supplier",
              },
              "ref": null,
              "rendered": Array [
                Object {
                  "instance": null,
                  "key": undefined,
                  "nodeType": "host",
                  "props": Object {
                    "children": "Test Supplier",
                    "className": "col-md-4 col-sm-4 supplier-name",
                  },
                  "ref": null,
                  "rendered": "Test Supplier",
                  "type": "div",
                },
                Object {
                  "instance": null,
                  "key": undefined,
                  "nodeType": "host",
                  "props": Object {
                    "children": "Update prices",
                    "className": "col-md-4 col-sm-4 link",
                  },
                  "ref": null,
                  "rendered": "Update prices",
                  "type": "div",
                },
                Object {
                  "instance": null,
                  "key": undefined,
                  "nodeType": "host",
                  "props": Object {
                    "children": "Edit services and regions",
                    "className": "col-md-4 col-sm-4 link",
                  },
                  "ref": null,
                  "rendered": "Edit services and regions",
                  "type": "div",
                },
              ],
              "type": "div",
            },
            "type": "div",
          },
          Object {
            "instance": null,
            "key": "1",
            "nodeType": "host",
            "props": Object {
              "children": <div
                className="row supplier"
              >
                <div
                  className="col-md-4 col-sm-4 supplier-name"
                >
                  Another Supplier
                </div>
                <div
                  className="col-md-4 col-sm-4 link"
                >
                  Update prices
                </div>
                <div
                  className="col-md-4 col-sm-4 link"
                >
                  Edit services and regions
                </div>
              </div>,
              "className": "supplierRow",
            },
            "ref": null,
            "rendered": Object {
              "instance": null,
              "key": undefined,
              "nodeType": "host",
              "props": Object {
                "children": Array [
                  <div
                    className="col-md-4 col-sm-4 supplier-name"
                  >
                    Another Supplier
                  </div>,
                  <div
                    className="col-md-4 col-sm-4 link"
                  >
                    Update prices
                  </div>,
                  <div
                    className="col-md-4 col-sm-4 link"
                  >
                    Edit services and regions
                  </div>,
                ],
                "className": "row supplier",
              },
              "ref": null,
              "rendered": Array [
                Object {
                  "instance": null,
                  "key": undefined,
                  "nodeType": "host",
                  "props": Object {
                    "children": "Another Supplier",
                    "className": "col-md-4 col-sm-4 supplier-name",
                  },
                  "ref": null,
                  "rendered": "Another Supplier",
                  "type": "div",
                },
                Object {
                  "instance": null,
                  "key": undefined,
                  "nodeType": "host",
                  "props": Object {
                    "children": "Update prices",
                    "className": "col-md-4 col-sm-4 link",
                  },
                  "ref": null,
                  "rendered": "Update prices",
                  "type": "div",
                },
                Object {
                  "instance": null,
                  "key": undefined,
                  "nodeType": "host",
                  "props": Object {
                    "children": "Edit services and regions",
                    "className": "col-md-4 col-sm-4 link",
                  },
                  "ref": null,
                  "rendered": "Edit services and regions",
                  "type": "div",
                },
              ],
              "type": "div",
            },
            "type": "div",
          },
        ],
        "type": "article",
      },
      "type": "div",
    },
  ],
  Symbol(enzyme.__options__): Object {
    "adapter": ReactSixteenAdapter {
      "options": Object {
        "enableComponentDidUpdateOnSetState": true,
      },
    },
  },
}
`;
